// Jest Snapshot v1, https://goo.gl/fbAQLP

exports[`TodoFilters renders filter buttons 1`] = `
<Provider
  store={
    Object {
      "dispatch": [Function],
      "getState": [Function],
      "replaceReducer": [Function],
      "subscribe": [Function],
      Symbol(observable): [Function],
    }
  }
>
  <TodoFilters>
    <div>
      <AllFilterButton
        setFilter={[Function]}
      >
        <button
          className="filter-button filter-button-all filter-button-selected"
          onClick={[Function]}
        >
          All
        </button>
      </AllFilterButton>
      <TodoFilterButton
        setFilter={[Function]}
      >
        <button
          className="filter-button filter-button-todo"
          onClick={[Function]}
        >
          To Do
        </button>
      </TodoFilterButton>
      <DoneFilterButton
        setFilter={[Function]}
      >
        <button
          className="filter-button filter-button-done"
          onClick={[Function]}
        >
          Done
        </button>
      </DoneFilterButton>
    </div>
  </TodoFilters>
</Provider>
`;
