// Jest Snapshot v1, https://goo.gl/fbAQLP

exports[`RemoveIcon renders successfully 1`] = `
<Provider
  store={
    Object {
      "dispatch": [Function],
      "getState": [Function],
      "replaceReducer": [Function],
      "subscribe": [Function],
      Symbol(observable): [Function],
    }
  }
>
  <RemoveIcon
    todo={
      Object {
        "id": "todo-1",
        "status": 1,
        "text": "test task",
      }
    }
  >
    <span
      className="todo-item-option todo-item-remove"
      onClick={[Function]}
    >
      âœ˜
    </span>
  </RemoveIcon>
</Provider>
`;
